[  0.0000 Intiizing cgroup subsys cpuset
[    00000] Initializing cgrroup subsys cpu
[    0.000000] nitializing cgroup susy cpuact
[  0.00000Liux veron4.4.098geeric uidd@cy-03) ccvesin .4.0 2016069 (Ubutu.4.0-ubtu~16.044) #121buu  SMP Te t 10 14:24:03 UT 217(Ubuntu 4.4.08.21geri 4.90
[    0.000000] Command line: BOOT_IMAGE=/boot/vmlinuz-4.4.0-98-generic root=LABEL=cloudimg-rotfs ro consoletty1 cnsolety0
[    00000] KERN spported cpus:
[    0.000000]   Intel GenuineIntel
[    000000]  AMD AutencAMD
[    0.000000]   Centaur CentaurHauls
[    0.000000] x86/fpu: xstate_offset[2]: 576, xste_sizes[2]  256
[    0.000000] x86/fpu: Supporting XSAV fture 0x1:x87 floating point registers'
[    0.000000] x86/fpu: Supporting XSAVE feature 0x02: 'SSE registers'
[    0.000000] x86/fpu: Supporting XSAVE feature 0x04: 'AVX registers'
[    0.000000] x86/fpu: Enabled xstate features 0x7, context size is 832 bytes, using 'standard' format.
[    0.000000] x86/fpu: Usnglazy' FPU contxtwitches.
[    0.000000] e820: BIOS-provided physical RAM map:
[    0.000000] BIOS-e820: [mem 0x0000000000000000-0x000000000009fbff] usable
[    0.000000] BIOS-e820: [mem 0x000000000009fc00-0x000000000009ffff] reserved
[    0.000000] BIOS-e820: [mem 0x0000000000000-0x00000000fff] eserved
[    0.0000] BIOS-e820: [mem 0x000000000010000-0x0000003feffff] usable
[    0.0000 BI-e20: [m 0x000000003fff0000-0x000000003fffffff] ACPI data
[    0.00000] BIOS-e80:mem 0x00000000fffc0000-0x000000fffffff] resrv
[    0.00000] NX (Execute Disable) protection: active
[    0.0000] SMBIOS 2.5 pset.
[    0.00000]Hypervisor detecte: KVM
[    0.000000] e820: last_pfn = 0x3fff0 max_achfn = 40000000
[    0.000000] MR:Disabled[    00000] x86/PAT: MTRRs disabled, ipin PT iitiaizion too.
[    0.000000] CPU MTRRs all blank - virtuized sstem.[    0.000000] x86/PAT: nfguraio[0-7]: WB  WT C- UC  WB  WT  UC- UC  
[    0.000000] found SMP MP-table at [mem 0x0009fff0-0x0009ffff] mapped at [ffff88000009fff0][    00000] Scanning 1aras for low memory corruption
[  0000000] RAMDISK:me 0x36acc000-0x3755df]
[    0.000] PI: Early table checksumverification disabled
[    0.000000] ACPI: RSDP 0x00000000E000 0024 (v2 OX  )
[    0.000000] ACPI: XSDT 0x000000003FFF0030 00003C (v01 VBOX   VBOXXSDT 00000001 ASL  00000061)
[    0.000000] ACPI: FACP 0x000000003FFF00F0 0000F4 (v04 VBOX   VBOXFACP 000001 ASL 00000061)
[    0.000000] ACPI: DSDT 0x000000003FFF0470 002118 (v1 VBOX   VBOXBIOS 00000002 INTL 2010528)[   0.000] ACI:ACS 00000003F000 000040
[   0000] CP: CCS 0x000003FFF2000040
[    .0000]ACI:PIC 0x0000000FF0240 00005C (v02VBX  VBOXAIC00001 L  00001)    0.000000] ACPI SSDT 0000000FF2A 000CC(v1 BO  BOCP 000000INL 200028)
[   000000] N NUM cfiguratn found[    0.0000] akina odat[mm 0x00000000000x0000000ffffff
[   0.0000] ODE_AT0)allocated [mem 0xx3ffeb000xffeff
[  0.00000]vm-lock: Using msrs 4b564d01 and 4b56400
[    0.000000] kvm-clock: cpu 0, msr 0:3ffe3001, primary cpu clock
[    0.000000] kvm-clock: using sched offset of 3117103302 cycles
[    0.000000] clocksource: kvm-clock: mask: 0xffffffffffffffff max_cyles: 0x1cd42e4dffb, max_idle_ns: 881901483 ns
[    0.000000] Zone ranges:
[    0.000000]   DMA      [mem 0x0000000000001000-00000000ffffff]
[    0.000000]   DMA32    [mem 0x0000000001000000-000000003ffeffff]
[    00000]   Normal   empty
[    0.000000]   Device   empy
[    00000] vable zone start for each node    00000Eay memor ne rans
[  .0000  ode  0 [em 000000000001000-0x000000000009efff]
[   0.0000  ode  0[mem 0x00000000000000-0x000000003ffeffff]
[    0.000] Initmem setup de0 me0x0000000001000-0x00000003feffff]
[    0.000000] ACP: PM-Timer IO Port: 0x4008[    0.000000] IOAPIC[0]: apic_id 2, version 17, address 0xfec00000, GSI 0-23
[    0.000000] ACPI: INT_SRC_OVR (bus 0 bus_irq 0 global_irq 2 dfl dfl)
[    0.000000] ACPI: INT_SRC_OVR (bus 0 bus_irq 9 global_irq 9 high level)
    0.000000] Using ACP(MAT) orSM cnfguati iformation
[    0.000000] smpboot: Allowng2 PUs,  hplug CPUs
[    0.000000] PM: Regierd osave memory: [mem 0x00000000-0x00000ff][    0.000000]M: Regisered nosave memory:[m 0x0009f0-0x09fff]
    0.000000] PM: Registered nosave memory: [mem 0x000a0000-0x000effff]
[    0.0000] PM: Registered nosav mmoy: [mem 0x000f000x000fff
[   00000 e20: [mem 0x40000000-0xfffbffff] available for PCI devices
[    0000000] Booting paravirtualized kernel on KVM
[   000000clcksoue:refined-jifes mask: 0xffffffff max_cycles: 0xffffffff, max_idle_ns: 6419600211568 ns
[    0.000000] setup_percpu: NR_CPUS:512 nr_cpumask_bits:512 nr_cpu_ids:2 nr_node_ids:1[   00000] PERCPU: Embedded 34 pages/cpu @ffff88003fc00000 s98328 r8192 d32744 u1048576
[    0.000000] PV qspinlock hash table entries: 2 (rder: 0 46 ytes
[   .00000Built 1onliss n de ode mobiltyroupngon  otapages: 257913
[    0.000000] Policy zone: DMA32
[    0.000000]Kenel comndlie:OO_IMAGE=/boot/vmlinuz-4.4.0-98-generic root=LABEL=cloudimg-rootfs ro console=tty1 console=ttyS0
[    0.000000] PID hash table entries: 4096 (order: 3, 32768 bytes)
[   .000000]emry 1170K1012K aville (884 krnl de, 124Kwdta, 388 rodta, 1492 iit, 16 bss, 4680reerved, 0 ca-resrved)[   0.000] LUBHWlign=, rde0-, MinObjects, PUs22, Nodes=1
[    0.000000] Hierarchical RCU implementation.
[    0.0000] Build-time adjustment of le fanout to 64.
[    0.000000] 	RCU restricting CPUs from N_CPUS=512 to nr_cpu_ids=2.
[   0.000000] CU Adjtig geotr forrc_fnout_leaf=64, nr_cpu_ids=2
[    0.000000] _IQS:33024 r_irq:40 6[    0.000000] Console: colour VGA+ 80x25
[    0.000] console [t1]enable
[    0.000000] console [ttyS0] eabed
[    0.000000] tsc: Detected 2700.000 MHz processor
[   12.225630] Calibrating delay loop (skipped) preset value.. 5400.00 BogoMIPS (lpj=10800000)
[   12.258872] pid_max: default: 32768 minimum: 301
[   12.276298] ACPI: Core revision 20150930
[   12.278225] ACPI: 2 ACPI AML tables successfully acquired and loaded
[   12.317745] Security Framework initialized
[   12.318811] Yama: becoming mindful.
[   12.319772] AppArmor: AppArmor initialized
[   12.320821] Dentry cache hash table entries: 131072 (order: 8, 1048576 bytes)
[   12.322452] Inode-cache hash table entries: 65536 (order: 7, 524288 bytes)
[   12.326314] Mount-cache hash table entries: 2048 (order: 2, 16384 bytes)
[   12.395872] Mountpoint-cache hash table entries: 2048 (order: 2, 16384 bytes)
[   12.422264] Initializing cgroup subsys io
[   12.423328] Initializing cgroup subsys memory
[   12.436727] Initializing cgroup subsys devices
[   12.479703] Initializing cgroup subsys freezer
[   12.546213] Initializing cgroup subsys net_cls
[   12.621669] Initializing cgroup subsys perf_event
[   12.637215] Initializing cgroup subsys net_prio
[   12.687673] Initializing cgroup subsys hugetlb
[   12.754695] Initializing cgroup subsys pids
[   12.770121] CPU: Physical Processor ID: 0
[   12.771180] CPU: Processor Core ID: 0
[   12.832427] mce: CPU supports 0 MCE banks
[   12.869886] Last level iTLB entries: 4KB 64, 2MB 8, 4MB 8
[   12.875819] Last level dTLB entries: 4KB 64, 2MB 0, 4MB 0, 1GB 4
[   12.938730] Freeing SMP alternatives memory: 32K
[   12.989530] ftrace: allocating 32154 entries in 126 pages
[   13.106643] smpboot: APIC(0) Converting physical 0 to logical package 0
[   13.173743] smpboot: Max logical packages: 1
[   13.244877] ..TIMER: vector=0x30 apic1=0 pin1=2 apic2=-1 pin2=-1
[   13.451395] smpboot: CPU0: Intel(R) Core(TM) i5-5257U CPU @ 2.70GHz (family: 0x6, model: 0x3d, stepping: 0x4)
[   13.561828] Performance Events: unsupported p6 CPU model 61 no PMU driver, software events only.
[   13.660568] KVM setup paravirtual spinlock
[   13.726708] x86: Booting SMP configuration:
[   13.766603] .... node  #0, CPUs:      #1
[   13.773302] kvm-clock: cpu 1, msr 0:3ffe3041, secondary cpu clock
[   13.797632] mce: CPU supports 0 MCE banks
[   13.805588] x86: Booted up 1 node, 2 CPUs
[   13.818056] smpboot: Total of 2 processors activated (10800.00 BogoMIPS)
[   13.835165] devtmpfs: initialized
[   13.846972] evm: security.selinux
[   13.853211] evm: security.SMACK64
[   13.857244] evm: security.SMACK64EXEC
[   13.863146] evm: security.SMACK64TRANSMUTE
[   13.874029] evm: security.SMACK64MMAP
[   13.905462] evm: security.ima
[   13.928404] evm: security.capability
[   13.946081] clocksource: jiffies: mask: 0xffffffff max_cycles: 0xffffffff, max_idle_ns: 7645041785100000 ns
[   13.959266] futex hash table entries: 512 (order: 3, 32768 bytes)
[   13.969496] pinctrl core: initialized pinctrl subsystem
[   13.993838] RTC time: 17:42:49, date: 11/12/17
[   14.021723] NET: Registered protocol family 16
[   14.044578] cpuidle: using governor ladder
[   14.088257] cpuidle: using governor menu
[   14.119858] PCCT header not found.
[   14.140247] ACPI: bus type PCI registered
[   14.181203] acpiphp: ACPI Hot Plug PCI Controller Driver version: 0.5
[   14.224413] PCI: Using configuration type 1 for base access
[   14.269487] ACPI: Added _OSI(Module Device)
[   14.299619] ACPI: Added _OSI(Processor Device)
[   14.323384] ACPI: Added _OSI(3.0 _SCP Extensions)
[   14.378653] ACPI: Added _OSI(Processor Aggregator Device)
[   14.436042] ACPI: Executed 1 blocks of module-level executable AML code
[   14.494703] ACPI: Interpreter enabled
[   14.518542] ACPI: (supports S0 S5)
[   14.519501] ACPI: Using IOAPIC for interrupt routing
[   14.566722] PCI: Using host bridge windows from ACPI; if necessary, use "pci=nocrs" and report a bug
[   14.704483] ACPI: PCI Root Bridge [PCI0] (domain 0000 [bus 00-ff])
[   14.786272] acpi PNP0A03:00: _OSC: OS supports [ASPM ClockPM Segments MSI]
[   14.808179] acpi PNP0A03:00: _OSC failed (AE_NOT_FOUND); disabling ASPM
[   14.856398] acpi PNP0A03:00: fail to add MMCONFIG information, can't access extended PCI configuration space under this bridge.
[   14.934129] PCI host bridge to bus 0000:00
[   14.978397] pci_bus 0000:00: root bus resource [io  0x0000-0x0cf7 window]
[   15.036250] pci_bus 0000:00: root bus resource [io  0x0d00-0xffff window]
[   15.112593] pci_bus 0000:00: root bus resource [mem 0x000a0000-0x000bffff window]
[   15.148150] pci_bus 0000:00: root bus resource [mem 0x40000000-0xffdfffff window]
[   15.174817] pci_bus 0000:00: root bus resource [bus 00-ff]
[   15.228944] pci 0000:00:01.1: legacy IDE quirk: reg 0x10: [io  0x01f0-0x01f7]
[   15.284997] pci 0000:00:01.1: legacy IDE quirk: reg 0x14: [io  0x03f6]
[   15.352255] pci 0000:00:01.1: legacy IDE quirk: reg 0x18: [io  0x0170-0x0177]
[   15.428713] pci 0000:00:01.1: legacy IDE quirk: reg 0x1c: [io  0x0376]
[   15.515750] ACPI: PCI Interrupt Link [LNKA] (IRQs 5 9 10 11) *0, disabled.
[   15.556061] ACPI: PCI Interrupt Link [LNKB] (IRQs 5 9 10 *11)
[   15.597022] ACPI: PCI Interrupt Link [LNKC] (IRQs 5 9 *10 11)
[   15.658350] ACPI: PCI Interrupt Link [LNKD] (IRQs 5 *9 10 11)
[   15.711021] ACPI: Enabled 2 GPEs in block 00 to 07
[   15.736612] vgaarb: setting as boot device: PCI:0000:00:02.0
[   15.797224] vgaarb: device added: PCI:0000:00:02.0,decodes=io+mem,owns=io+mem,locks=none
[   15.824193] vgaarb: loaded
[   15.850160] vgaarb: bridge control possible 0000:00:02.0
[   15.911156] SCSI subsystem initialized
[   15.947041] ACPI: bus type USB registered
[   15.982854] usbcore: registered new interface driver usbfs
[   16.048157] usbcore: registered new interface driver hub
[   16.063756] usbcore: registered new device driver usb
[   16.080604] PCI: Using ACPI for IRQ routing
[   16.106956] NetLabel: Initializing
[   16.120320] NetLabel:  domain hash size = 128
[   16.121384] NetLabel:  protocols = UNLABELED CIPSOv4
[   16.134460] NetLabel:  unlabeled traffic allowed by default
[   16.169262] amd_nb: Cannot enumerate AMD northbridges
[   16.180174] clocksource: Switched to clocksource kvm-clock
[   16.19156 AAror ApAmo FesteEnle
  6.16] p: PnP PIin
  7.01767] npPnPCP: un3 eves
[   17.498792] clocksource: acpi_pm: mask: 0xffffff max_cycles: 0xffffff, max_idle_ns: 2085701024 ns
[   17.609091] NET: Registered protocol family 2
[   17.672363] TCP established hash table entries: 8192 (order: 4, 65536 bytes)
[   17.739078] TCP bind hash table entries: 8192 (order: 5, 131072 bytes)
[   17.759785] TCP: Hash tables configured (established 8192 bind 8192)
[   17.820136] UDP hash table entries: 512 (order: 2, 16384 bytes)
[   17.899240] UDP-Lite hash table entries: 512 (order: 2, 16384 bytes)
[   17.942282] NET: Registered protocol family 1
[   18.012674] pci 0000:00:00.0: Limiting direct PCI/PCI transfers
[   18.034983] pci 0000:00:01.0: Activating ISA DMA hang workarounds
[   18.047600] Unpacking initramfs...
[   19.982580] Freeing initrd memory: 10824K
[   20.044787] RAPL PMU detected, API unit is 2^-32 Joules, 4 fixed counters 10737418240 ms ovfl timer
[   20.190175] hw unit of domain pp0-core 2^-0 Joules
[   20.241322] hw unit of domain package 2^-0 Joules
[   20.271934] hw unit of domain dram 2^-0 Joules
[   20.309525] hw unit of domain pp1-gpu 2^-0 Joules
[   20.327160] platform rtc_cmos: registered platform RTC device (no PNP device found)
[   20.370819] Scanning for low meryorupioevy  seconds

[   20.758167] audit: initializing netlink subsys (disabled)
[   20.781891] audit: type=2000 audit(1510508565.377:1): initialized
[   20.783675] Initialise system trusted keyring
[   20.798392] HugeTLB registered 2 MB page size, pre-allocated 0 pages
[   20.823952] zbud: loaded
[   20.832983] VFS: Disk quotas dqut_6.6.
[ 20.9525] S: Dquot-cache hash table entries: 512 (order 0, 96yt)  21974]quashs:erion 4.0 (2009/01/31) Phillip Lougher
[  2 tsc: Refined TSC clocksource calibration: 2700.224 MHz
[   21.989579] clocksource: tsc: mask: 0xffffffffffffffff max_cycles: 0x26ec1225d67, max_idle_ns: 440795271066 ns
[   21.990003] fuse init (API version 7.23)
[   21.990175] Key type big_key registered
[   21.990198] Allocating IMA MOK and blacklist keyrings.
[   21.990501] Key type asymmetric registered
[   21.990510] Asymmetric key parser 'x509' registered
[   21.990557] Block layer SCSI generic (bsg) driver version 0.4 loaded (major 249)
[   21.990613] io scheduler noop registered
[   21.990616] io scheduler deadline registered (default)
[   21.990655] io scheduler cfq registered
[   21.990776] pci_hotplug: PCI Hot Plug PCI Core version: 0.5
[   21.990783] pciehp: PCI Express Hot Plug Controller Driver version: 0.4
[   21.991241] ACPI: AC Adapter [AC] (on-line)
[   21.991322] input: Power Button as /devices/LNXSYSTM:00/LNXPWRBN:00/input/input0
[   21.991326] ACPI: Power Button [PWRF]
[   21.991415] input: Sleep Button as /devices/LNXSYSTM:00/LNXSLPBN:00/input/input1
[   21.991417] ACPI: Sleep Button [SLPF]
[   21.991618] GHES: HEST is not enabled!
[   21.991738] Serial: 8250/16550 driver, 32 ports, IRQ sharing enabled
[   22.014289] 00:02: ttyS0 at I/O 0x3f8 (irq = 4, base_baud = 115200) is a 16550A
[   22.017987] Linux agpgart interface v0.103
[   22.022134] ACPI: Battery Slot [BAT0] (battery present)
[   22.023835] loop: module loaded
[   22.024425] scsi host0: ata_piix
[   22.024479] scsi host1: ata_piix
[   22.024508] ata1: PATA max UDMA/33 cmd 0x1f0 ctl 0x3f6 bmdma 0xd000 irq 14
[   22.024508] ata2: PATA max UDMA/33 cmd 0x170 ctl 0x376 bmdma 0xd008 irq 15
[   22.024584] libphy: Fixed MDIO Bus: probed
[   22.024587] tun: Universal TUN/TAP device driver, 1.6
[   22.024587] tun: (C) 1999-2004 Max Krasnyansky <maxk@qualcomm.com>
[   22.025085] PPP generic driver version 2.4.2
[   22.025153] ehci_hcd: USB 2.0 'Enhanced' Host Controller (EHCI) Driver
[   22.025159] ehci-pci: EHCI PCI platform driver
[   22.025175] ehci-platform: EHCI generic platform driver
[   22.025183] ohci_hcd: USB 1.1 'Open' Host Controller (OHCI) Driver
[   22.025186] ohci-pci: OHCI PCI platform driver
[   22.025193] ohci-platform: OHCI generic platform driver
[   22.025201] uhci_hcd: USB Universal Host Controller Interface driver
[   22.025256] i8042: PNP: PS/2 Controller [PNP0303:PS2K,PNP0f03:PS2M] at 0x60,0x64 irq 1,12
[   22.041860] serio: i8042 KBD port at 0x60,0x64 irq 1
[   22.041868] serio: i8042 AUX port at 0x60,0x64 irq 12
[   22.042049] mousedev: PS/2 mouse device common for all mice
[   22.042436] rtc_cmos rtc_cmos: rtc core: registered rtc_cmos as rtc0
[   22.042509] rtc_cmos rtc_cmos: alarms up to one day, 114 bytes nvram
[   22.042518] i2c /dev entries driver
[   22.042589] device-mapper: uevent: version 1.0.3
[   22.042658] device-mapper: ioctl: 4.34.0-ioctl (2015-10-28) initialised: dm-devel@redhat.com
[   22.042677] ledtrig-cpu: registered to indicate activity on CPUs
[   22.043055] NET: Registered protocol family 10
[   22.043277] NET: Registered protocol family 17
[   22.043293] Key type dns_resolver registered
[   22.043731] microcode: CPU0 sig=0x306d4, pf=0x40, revision=0x0
[   22.043739] microcode: CPU1 sig=0x306d4, pf=0x40, revision=0x0
[   22.043832] microcode: Microcode Update Driver: v2.01 <tigran@aivazian.fsnet.co.uk>, Peter Oruba
[   22.043998] registered taskstats version 1
[   22.044016] Loading compiled-in X.509 certificates
[   22.044880] Loaded X.509 cert 'Build time autogenerated kernel key: 7431eaeda5a51458aeb00f8de0f18f89e178d882'
[   22.044931] zswap: loaded using pool lzo/zbud
[   22.047353] Key type trusted registered
[   22.050767] Key type encrypted registered
[   22.050777] AppArmor: AppArmor sha1 policy hashing enabled
[   22.050782] ima: No TPM chip found, activating TPM-bypass!
[   22.050811] evm: HMAC attrs: 0x1
[   22.051232]   Magic number: 9:420:744
[   22.061274] rtc_cmos rtc_cmos: setting system clock to 2017-11-12 17:42:57 UTC (1510508577)
[   22.062716] BIOS EDD facility v0.16 2004-Jun-25, 0 devices found
[   22.062716] EDD information not available.
[   22.107670] input: AT Translated Set 2 keyboard as /devices/platform/i8042/serio0/input/input2
[   22.656458] Freeing unused kernel memory: 1492K
[   22.688792] Write protecting the kernel read-only data: 14336k
[   22.692250] Freeing unused kernel memory: 1744K
[   22.700010] Freeing unused kernel memory: 108K
Loading, please wait...
starting version[   22.727898] random: systemd-udevd: uninitialized urandom read (16 bytes read, 3 bits of entropy available)
 229
[   22.728635] random: udevadm: uninitialized urandom read (16 bytes read, 3 bits of entropy available)
[   22.728661] random: udevadm: uninitialized urandom read (16 bytes read, 3 bits of entropy available)
[   22.739262] random: udevadm: uninitialized urandom read (16 bytes read, 3 bits of entropy available)
[   22.739308] random: udevadm: uninitialized urandom read (16 bytes read, 3 bits of entropy available)
[   22.739452] random: udevadm: uninitialized urandom read (16 bytes read, 3 bits of entropy available)
[   22.739505] random: udevadm: uninitialized urandom read (16 bytes read, 3 bits of entropy available)
[   22.739557] random: udevadm: uninitialized urandom read (16 bytes read, 3 bits of entropy available)
[   22.739830] random: udevadm: uninitialized urandom read (16 bytes read, 3 bits of entropy available)
[   22.739954] random: udevadm: uninitialized urandom read (16 bytes read, 3 bits of entropy available)
[   23.001460] Fusion MPT base driver 3.04.20
[   23.008559] Copyright (c) 1999-2008 LSI Corporation
[   23.026987] e1000: Intel(R) PRO/1000 Network Driver - version 7.3.21-k8-NAPI
[   23.033302] e1000: Copyright (c) 1999-2006 Intel Corporation.
[   23.041133] AVX version of gcm_enc/dec engaged.
[   23.060290] AES CTR mode by8 optimization enabled
[   23.106443] Fusion MPT SPI Host driver 3.04.20
[   23.235080] input: ImExPS/2 Generic Explorer Mouse as /devices/platform/i8042/serio1/input/input4
[   23.509528] e1000 0000:00:03.0 eth0: (PCI:33MHz:32-bit) 02:53:17:3c:de:80
[   23.547499] e1000 0000:00:03.0 eth0: Intel(R) PRO/1000 Network Connection
[   23.570827] mptbase: ioc0: Initiating bringup
[   23.571392] e1000 0000:00:03.0 enp0s3: renamed from eth0
[   23.704614] ioc0: LSI53C1030 A0: Capabilities={Initiator}
[   23.927749] scsi host2: ioc0: LSI53C1030 A0, FwRev=00000000h, Ports=1, MaxQ=256, IRQ=20
[   24.057302] scsi 2:0:0:0: Direct-Access     VBOX     HARDDISK         1.0  PQ: 0 ANSI: 5
[   24.162768] scsi target2:0:0: Beginning Domain Validation
[   24.211064] scsi target2:0:0: Domain Validation skipping write tests
[   25.009150] scsi target2:0:0: Ending Domain Validation
[   25.100375] scsi target2:0:0: asynchronous
[   25.106162] scsi 2:0:1:0: Direct-Access     VBOX     HARDDISK         1.0  PQ: 0 ANSI: 5
[   25.137893] scsi target2:0:1: Beginning Domain Validation
[   25.407273] scsi target2:0:1: Domain Validation skipping write tests
[   25.408688] scsi target2:0:1: Ending Domain Validation
[   25.930712] scsi target2:0:1: asynchronous
[   26.108284] floppy0: no floppy controllers found
[   26.134916] sd 2:0:0:0: [sda] 20971520 512-byte logical blocks: (10.7 GB/10.0 GiB)
[   26.136111] sd 2:0:0:0: Attached scsi generic sg0 type 0
[   26.136540] sd 2:0:1:0: Attached scsi generic sg1 type 0
[   26.136864] sd 2:0:1:0: [sdb] 20480 512-byte logical blocks: (10.5 MB/10.0 MiB)
[   26.137095] sd 2:0:1:0: [sdb] Write Protect is off
[   26.137282] sd 2:0:1:0: [sdb] Incomplete mode parameter data
[   26.137283] sd 2:0:1:0: [sdb] Assuming drive cache: write through
[   26.139919] sd 2:0:1:0: [sdb] Attached SCSI disk
[   26.512022] sd 2:0:0:0: [sda] Write Protect is off
[   26.533387] sd 2:0:0:0: [sda] Incomplete mode parameter data
[   26.541819] sd 2:0:0:0: [sda] Assuming drive cache: write through
[   26.563685]  sda: sda1
[   26.595124] sd 2:0:0:0: [sda] Attached SCSI disk
Begin: Loading e[   28.056410] md: linear personality registered for level -1
ssential drivers[   28.112875] md: multipath personality registered for level -4
 ... [   28.123244] md: raid0 personality registered for level 0
[   28.139904] md: raid1 personality registered for level 1
[   28.228391] raid6: sse2x1   gen()  4318 MB/s
[   28.304372] raid6: sse2x1   xor()  6028 MB/s
[   28.400285] raid6: sse2x2   gen()  9977 MB/s
[   28.470239] raid6: sse2x2   xor()  6292 MB/s
[   28.544285] raid6: sse2x4   gen()  2892 MB/s
[   28.628199] raid6: sse2x4   xor()  6969 MB/s
[   28.629737] raid6: using algorithm sse2x2 gen() 9977 MB/s
[   28.631576] raid6: .... xor() 6292 MB/s, rmw enabled
[   28.646085] raid6: using ssse3x2 recovery algorithm
[   28.653071] xor: automatically using best checksumming function:
[   28.756453]    avx       : 21779.000 MB/sec
[   28.796307] async_tx: api initialized (async)
[   28.818291] md: raid6 personality registered for level 6
[   28.857960] md: raid5 personality registered for level 5
[   28.890195] md: raid4 personality registered for level 4
[   29.007996] md: raid10 personality registered for level 10
done.
Begin: Running /scripts/init-premount ... done.
Begin: Mounting root file system ... Begin: Running /scripts/lo[   29.151317] Btrfs loaded
cal-top ... done.
Begin: Running /scripts/local-premount ... Scanning for Btrfs filesystems
done.
Warning: fsck no[   29.231339] EXT4-fs (sda1): mounted filesystem with ordered data mode. Opts: (null)
t present, so skipping root file system
done.
Begin: Running /scripts/local-bottom ... done.
Begin: Running /scripts/init-bottom ... done.
[   29.377238] systemd[1]: systemd 229 running in system mode. (+PAM +AUDIT +SELINUX +IMA +APPARMOR +SMACK +SYSVINIT +UTMP +LIBCRYPTSETUP +GCRYPT +GNUTLS +ACL +XZ -LZ4 +SECCOMP +BLKID +ELFUTILS +KMOD -IDN)
[   29.480450] systemd[1]: Detected virtualization oracle.
[   29.525043] systemd[1]: Detected architecture x86-64.

Welcome to [1mUbuntu 16.04.3 LTS[0m!

[  29.593860]syem[1 S hostam t<ubuntu>.
[   30.001138] systemd[1]: Initializing machine ID from random generator.
[   30.094254] systemd[1]: Installed transient /etc/machine-id file.
[   30.292204] random: nonblocking pool is initialized
[   30.328014] systemd[1]: Reached target User and Group Name Lookups.
[[0;32m  OK  [0m] Reached target User and Group Name Lookups.
[ 304238] stmd[1]: Set up autoou ArtrryExcutab Fe FormtsFi Ste Atomount Pnt

[[0;32m  OK  [0m] Set up automount Arbitrary Executab...ats File System Automount Point.
[  31.388] ysmd]:Listeninonounal Socket (/dev/log).
[[0;32m  OK  [0m] Listening on Journal Socket (/dev/log).
[  31.8288413] systemd[1]:Liening n url dit Socket.

[[0;32m  OK  [0m] Listening on Journal Audit Socket.
[ 32266]ysmd[1]: Started Forward Passwordeqess toWall irto Wch
[[0;32m  OK  [0m] Started Forward Password Requests to Wall Directory Watch.
[ 32.926159]ysmd]:tateTrgg resovcnfpde oretrkDN.
[[0;32m  OK  [0m] Started Trigger resolvconf update for networkd DNS.
[   33.765046] systemd[1]: Reachd rgt Swap.
[[0;32m  OK  [0m] Reached target Swap.
[   33.913144] systemd]: Listening o /dev/nitl Compatibility Named Pie.
[[0;32m  OK  [0m] Listening on /dev/initctl Compatibility Named Pipe.
[   34.24439 ste[1] Cat sicUsr nd Sessin li.
[[0;32m  OK  [0m] Created slice User and Session Slice.
[  34.8275 sstemd1]Lieng n Jornal Soke
[[0;32m  OK  [0m] Listening on Journal Socket.
[ 35.3538] stem1]Crated slice System Sice.

[[0;32m  OK  [0m] Created slice System Slice.
[   35.769085] systemd[1]: Mounting Debug File System...
         Mounting Debug File System...
[   35.861091] systemd[1]: Starting Nameserver information manager...
         Starting Nameserver information manager...
[   35.969380] systemd[1]: Starting Remount Root and Kernel File Systems...
         [   36.027664] EXT4-fs (sda1): re-mounted. Opts: (null)
Starting Remount Root and Kernel File Systems...
[   36.125034] systemd[1]: Starting Create list of required static device nodes for the current kernel...
         Starting Create list of required st... nodes for the current kernel...
[   36.340522] systemd[1]: Mounting POSIX Message Queue File System...
         Mounting POSIX Message Queue File System...
[   36.468428] systemd[1]: Starting Load Kernel Modules...
         Starting Load Kernel Modules...[   36.495260] Loading iSCSI transport class v2.0-870.

[   36.536324] systemd[1]: Starting Uncomplicated firewall...
         Starting Uncomplicated firewall...
[   36.543528] systemd[1]: Created slice system-serial\x2dgetty.slice.
[[0;32m  OK  [0[   36.592138] iscsi: registered transport (tcp)
m] Created slice system-serial\x2dgetty.slice.
[   36.610585] systemd[1]: Listening on udev Control Socket.
[[0;32m  OK  [0m] Listening on udev Control Socket.
[   36.620989] systemd[1]: Listening on LVM2 poll daemon socket.
[[0;32m  OK  [0m] Listening on LVM2 poll daemon socket.
[   36.642334] systemd[1]: Reached target Slices.
[[0;32m  OK  [0m] Reached target Slices.
[   36.662720] systemd[1]: Listening on udev Kernel Socket.
[[0;32m  OK  [0[   36.666573] iscsi: registered transport (iser)
m] Listening on udev Kernel Socket.
[   36.714800] systemd[1]: Listening on Device-mapper event daemon FIFOs.
[[0;32m  OK  [0m] Listening on Device-mapper event daemon FIFOs.
[ 36776701] systemd[1 Liteng on Syslg ck.
[[0;32m  OK  [0m] Listening on Syslog Socket.
[  32178systemd[1]: Listening on LVM2 metadata daemon socket.
[[0;32m  OK  [0m] Listening on LVM2 metadata daemon socket.

[   37.412818] systemd[1]: Starting Monitoring of LVM2 mirrors, snapshots etc. using dmeventd or progress polling...
         Starting Monitoring of LVM2 mirrors... dmeventd or progress polling...
[   37.442623] systemd[1]: Mounting Huge Pages File System...
         Mounting Huge Pages File System...
[   37.473167] systemd[1]: Reached target Encrypted Volumes.
[[0;32m  OK  [0m] Reached target Encrypted Volumes.
[   37.509014] systemd[1]: Starting Journal Service...
         Starting Journal Service...
[   37.533622] systemd[1]: Starting Set console keymap...
         Starting Set console keymap...
[   37.581750] systemd[1]: Mounted Huge Pages File System.
[[0;32m  OK  [0m] Mounted Huge Pages File System.
[   37.618988] systemd[1]: Mounted Debug File System.
[[0;32m  OK  [0m] Mounted Debug File System.
[   37.639523] systemd[1]: Mounted POSIX Message Queu Fe stm.
[[0;32m  OK  [0m] Mounted POSIX Message Queue File System.
[   37.846105] systemd[1]: Started JournalServie.
[[0;32m  OK  [0m] Started Journal Service.
[[0;32m  OK  [0m] Started Remount Root and Kernel File Systems.
[[0;32m  OK  [0m] Started Create list of required sta...ce nodes for the current kernel.
[[0;32m  OK  [0m] Started Load Kernel Modules.
[[0;32m  OK  [0m] Started Uncomplicated firewall.
[[0;32m  OK  [0m] Started Set console keymap.
[[0;32m  OK  [0m] Started Nameserver information manager.
[[0;32m  OK  [0m] Started LVM2 metadata daemon.
         Starting Apply Kernel Variables...
         Mounting FUSE Control File System...
         Starting Create Static Device Nodes in /dev...
         Starting Load/Save Random Seed...
         Starting Initial cloud-init job (pre-networking)...
         Starting udev Coldplug all Devices...
         Starting Flush Journal to Persistent Storage...
[[0;32m  OK  [0m] Mounted FUSE Control File System.
[[0;32m  OK  [0m] Started Monitoring of LVM2 mirrors,...ng dmeventd or progress polling.
[[0;32m  OK  [0m] Started Apply Kernel Variables.
[[0;32m  OK  [0m] Started Create Static Device Nodes in /dev.
[[0;32m  OK  [0m] Started Load/Save Random Seed.
[[0;32m  OK  [0m] Started udev Coldplug all Devices.
[[0;32m  OK  [0m] Started Flush Journal to Persistent Storage.
         Starting udev Kernel Device Manager...
[[0;32m  OK  [0m] Started udev Kernel Device Manager.
[[0;32m  OK  [0m] Started Dispatch Password Requests to Console Directory Watch.
[[0;32m  OK  [0m] Reached target Local File Systems (Pre).
[[0;32m  OK  [0m] Reached target Local File Systems.
         Starting LSB: AppArmor initialization...
         Starting Commit a transient machine-id on disk...
         Starting Tell Plymouth To Write Out Runtime Data...
         Starting Set console font and keymap...
         Starting Create Volatile Files and Directories...
[[0;32m  OK  [0m] Started Commit a transient machine-id on disk.
[[0;32m  OK  [0m] Started Tell Plymouth To Write Out Runtime Data.
[[0;32m  OK  [0m] Started Create Volatile Files and Directories.
[[0;32m  OK  [0m] Found device /dev/ttyS0.
[[0;32m  OK  [0m] Listening on Load/Save RF Kill Switch Status /dev/rfkill Watch.
[   24.517501] cloud-init[451]: Cloud-init v. 0.7.9 running 'init-local' at Sun, 12 Nov 2017 17:43:15 +0000. Up 23.96 seconds.
         Starting Update UTMP about System Boot/Shutdown...
[[0;32m  OK  [0m] Reached target System Time Synchronized.
[[0;32m  OK  [0m] Started LSB: AppArmor initialization.
[[0;32m  OK  [0m] Started Set console font and keymap.
[[0;32m  OK  [0m] Started Initial cloud-init job (pre-networking).
[[0;32m  OK  [0m] Started Update UTMP about System Boot/Shutdown.
[[0;32m  OK  [0m] Reached target Network (Pre).
[[0;32m  OK  [0m] Created slice system-getty.slice.
         Starting Raise network interfaces...
[[0;32m  OK  [0m] Started Raise network interfaces.
[[0;32m  OK  [0m] Reached target Network.
         Starting Initial cloud-init job (metadata service crawler)...
[   27.914881] cloud-init[913]: Cloud-init v. 0.7.9 running 'init' at Sun, 12 Nov 2017 17:43:18 +0000. Up 26.97 seconds.
[   27.941290] cloud-init[913]: ci-info: +++++++++++++++++++++++++++++++++++++Net device info++++++++++++++++++++++++++++++++++++++
[   27.980549] cloud-init[913]: ci-info: +--------+------+----------------------------+---------------+-------+-------------------+
[   28.046416] cloud-init[913]: ci-info: | Device |  Up  |          Address           |      Mask     | Scope |     Hw-Address    |
[[0;32m  OK  [0m] Started Initial cloud-init job (metadata service crawler).
[   28.047214] cloud-init[913]: ci-info: +--------+------+----------------------------+---------------+-------+-------------------+
[   28.176946] cloud-init[913]: ci-info: | enp0s3 | True |         10.0.2.15          | 255.255.255.0 |   .   | 02:53:17:3c:de:80 |
[   28.178042] cloud-init[913]: ci-info: | enp0s3 | True | fe80::53:17ff:fe3c:de80/64 |       .       |  link | 02:53:17:3c:de:80 |
[[0;32m  OK  [0m] Reached target System Initialization.
[   28.178569] cloud-init[913]: ci-info: |   lo   | True |         127.0.0.1          |   255.0.0.0   |   .   |         .         |
[   28.313956] cloud-init[913]: ci-info: |   lo   | True |          ::1/128           |       .       |  host |         .         |
[   28.314586] cloud-init[913]: ci-info: +--------+------+----------------------------+---------------+-------+-------------------+
         Starting LXD - unix socket.
[   28.314868] cloud-init[913]: ci-info: +++++++++++++++++++++++++++Route IPv4 info++++++++++++++++++++++++++++
[[0;32m  OK  [0m] Started Daily Cleanup of Temporary Directories.
[[   28.393839] cloud-init[913]: ci-info: +-------+-------------+----------+---------------+-----------+-------+
[0;32m  OK  [0m] Listening on ACPID Listen Socket.
[[0;32m  OK  [0m[   28.444508] ] cloud-initListening on UUID daemon activation socket.[913]: 
ci-info: | Route | Destination | Gateway  |    Genmask    | Interface | Flags |
[   28.541097] cloud-init[913]: ci-info: +-------+-------------+----------+---------------+-----------+-------+
[   28.541791] cloud-init[913]: ci-info: |   0   |   0.0.0.0   | 10.0.2.2 |    0.0.0.0    |   enp0s3  |   UG  |
[[0;32m  OK  [0m] Started Timer to automatically refresh installed snaps.
[[   28.542007] cloud-init[913]: ci-info: |   1   |   10.0.2.0  | 0.0.0.0  | 255.255.255.0 |   enp0s3  |   U   |
[0;32m  OK  [0m] Listening on D-Bus System Message Bus Socket.
         [   28.585694] Starting Socket activation for snappy daemon.cloud-init
[913]: ci-info: +-------+-------------+----------+---------------+-----------+-------+
[   28.610258] cloud-init[913]: Generating public/private rsa key pair.
[   28.669606] cloud-init[913]: Your identification has been saved in /etc/ssh/ssh_host_rsa_key.
[[0;32m  OK  [0m] Started ACPI Events Check.
[[   28.671627] cloud-init[913]: Your public key has been saved in /etc/ssh/ssh_host_rsa_key.pub.
[   28.699303] cloud-init[913]: The key fingerprint is:
[0;32m  OK  [0m] Reached target Paths.
[[   28.699719] cloud-init[913]: SHA256:QCrEdCYLOJ/ilsbyKj+9f8jDkFwirbL6tfpv+IWKwC8 root@ubuntu-xenial
[   28.773372] cloud-init[913]: The key's randomart image is:
[0;32m  OK  [0m] Reached target Network is Online.
[   28.773955] cloud-init[913]: +---[RSA 2048]----+
[   28.854180]          Starting iSCSI initiator daemon (iscsid)...
[[0;32m  OK  [0m] Started Daily apt download activities.
[[0;32m  OK  [0m] Started Daily apt upgrade and clean activities.
[[0;32m  OK  [0m] Reached target Timers.
[[0;32m  OK  [0m] Reached target Cloud-config availability.
[[0;32m  OK  [0m] Listening on LXD - unix socket.
[[0;32m  OK  [0m] Listening on Socket activation for snappy daemon.
cloud-init[913]: |oo+ o .          |
[   28.967347] cloud-init[913]: |oo.= o           |
[   28.967769] cloud-init[913]: | ooo. .          |
[   28.969523] cloud-init[913]: |. +.o ..         |
[   28.969612] cloud-init[913]: |o..+ +  S        |
[[0;32m  OK  [0m] Started iSCSI initiator daemon (iscsid).
[   28.969672] cloud-init[913]: |+*. +  .         |
[   29.056451] cloud-init[913]: |== ..=...        |
         Starting Login to default iSCSI targets...
[   29.057062] cloud-init[913]: |oE+ooo*..        |
[   29.133027] cloud-init[913]: |=+*==*+o         |
[[0;32m  OK  [0m] Reached target Sockets.
[   29.133174] cloud-init[913]: +----[SHA256]-----+
[   29.217050] cloud-init[913]: Generating public/private dsa key pair.
[[0;32m  OK  [0m] Reached target Basic System.
[   29.217294] cloud-init[913]: Your identification has been saved in /etc/ssh/ssh_host_dsa_key.
[   29.464581] cloud-init[913]: Your public key has been saved in /etc/ssh/ssh_host_dsa_key.pub.
[   29.465092] cloud-init[913]: The key fingerprint is:
         Starting Apply the settings specified in cloud-config...
[   29.465386] cloud-init[913]: SHA256:OdEhfp/NjfbV1h3POi1h4JRxteLhqKQECmu7JAgFpyo root@ubuntu-xenial
[   29.660444] cloud-init[913]: The key's randomart image is:
[   29.661026] cloud-init[913]: +---[DSA 1024]----+
[   29.661111] cloud-init[913]: |. .     . . . ...|
[   29.661189] cloud-init[913]: | +     . o . +  .|
[   29.661251] cloud-init[913]: |...  .  o o +o o |
[   29.661301] cloud-init[913]: |..o . .  + ++=o+*|
[   29.661409] cloud-init[913]: |Eo .   .S. .+oB X|
         Starting LXD - container startup/shutdown...
[   29.661664] cloud-init[913]: |= .   . o..  o *.|
[   29.971420] cloud-init[913]: |oo     . .    + o|
[[0;32m  OK  [0m] Started FUSE filesystem for LXC.
[   30.000730] cloud-init[913]: |o .            o |
         Starting Accounts Service...
[   30.101588] cloud-init[913]: | .               |
         Starting Pollinate to seed the pseudo random number generator...
[   30.223497] cloud-init[913]: +----[SHA256]-----+
         Starting LSB: MD monitoring daemon...
         Starting Login Service...
[   30.263845] cloud-init[913]: Generating public/private ecdsa key pair.
         [   30.296329] Starting LSB: Record successful boot for GRUB...cloud-init
[913]: Your identification has been saved in /etc/ssh/ssh_host_ecdsa_key.
[   30.372636] cloud-init[913]: Your public key has been saved in /etc/ssh/ssh_host_ecdsa_key.pub.
         Starting System Logging Service...
[   30.373588] cloud-init[913]: The key fingerprint is:
[   30.430966] cloud-init[913]: SHA256:UWCVbRkjiGbKerPT9oC6IsyyrgdetnLpZgH3kCyl/UY root@ubuntu-xenial
[   30.442018] cloud-init[913]: The key's randomart image is:
[   30.442888] cloud-init[913]: +---[ECDSA 256]---+
         Starting /etc/rc.local Compatibility...
[   30.443166] cloud-init[913]: |       .o++ooo   |
[[0;32m  OK  [0m] Started D-Bus System Message Bus.
[   30.514858] cloud-init[913]: |   .  +.....+.   |
[   30.542164] cloud-init[913]: |  =..+  .  .     |
[   30.552567] cloud-init[913]: | + *oE   .       |
[   30.575826] cloud-init[913]: |  +.=   S        |
[   30.592531] cloud-init[913]: |. .+o=           |
[   30.593224] cloud-init[913]: |+.o.*+.          |
[[0;32m  OK  [0m] Started Deferred execution scheduler.
[   30.593382] cloud-init[913]: |+=.Bo o.         |
[   30.648748] cloud-init[913]: |B=Oo o ..        |
[   30.653690] cloud-init[913]: +----[SHA256]-----+
[   30.693503] cloud-init[913]: Generating public/private ed25519 key pair.
         Starting Snappy daemon...
[   30.718947] cloud-init[913]: Your identification has been saved in /etc/ssh/ssh_host_ed25519_key.
[[0;32m  OK  [0m] Started ACPI event daemon.[   30.778194] cloud-init[913]: Your public key has been saved in /etc/ssh/ssh_host_ed25519_key.pub.
[   30.779525] cloud-init[913]: The key fingerprint is:
[   30.784540] cloud-init[913]: SHA256:eKHCsi6C3F+AK+TeIHcgri/G2Z5vswWymkCmX9fy1Qc root@ubuntu-xenial
[   30.784731] cloud-init[913]: The key's randomart image is:
[   30.784872] cloud-init[913]: +--[ED25519 256]--+
[   30.784989] cloud-init[913]: |                 |
[   30.785107] cloud-init[913]: |                 |
[   30.785163] cloud-init[913]: |        .        |
[   30.785346] cloud-init[913]: |   ..  o .       |
[   30.785578] cloud-init[913]: |.+ooooo S   E    |
[   30.785906] cloud-init[913]: |B. ++.oo   . .   |
[   30.786378] cloud-init[913]: |B=*oo oo. . . .  |

[   30.787505] cloud-init[913]: |XO*=.+oo .   .   |
[[   31.126027] cloud-init[913]: |+B=+++o .        |
[   31.126279] cloud-init[913]: +----[SHA256]-----+
[0;32m  OK  [0m] Started Regular background program processing daemon.
[[0;32m  OK  [0m] Started Unattended Upgrades Shutdown.
[   31.133273] cloud-init[1013]: Generating locales (this might take a while)...
[[0;32m  OK  [0m] Started System Logging Service.
[[0;32m  OK  [0m] Started Snappy daemon.
[[0;32m  OK  [0m] Started LXD - container startup/shutdown.
[[0;32m  OK  [0m] Started Pollinate to seed the pseudo random number generator.
[[0;32m  OK  [0m] Started /etc/rc.local Compatibility.
[[0;32m  OK  [0m] Started Login to default iSCSI targets.
[[0;32m  OK  [0m] Started LSB: MD monitoring daemon.
[[0;32m  OK  [0m] Started LSB: Record successful boot for GRUB.
[[0;32m  OK  [0m] Started Login Service.
         Starting Authenticate and Authorize Users to Run Privileged Tasks...
[[0;32m  OK  [0m] Reached target Remote File Systems (Pre).
[[0;32m  OK  [0m] Reached target Remote File Systems.
         Starting LSB: daemon to balance interrupts for SMP systems...
         Starting LSB: Set the CPU Frequency Scaling governor to "ondemand"...
         Starting LSB: automatic crash report generation...
         Starting Permit User Sessions...
         Starting LSB: VirtualBox Linux Additions...
         Starting OpenBSD Secure Shell server...
[[0;32m  OK  [0m] Started Permit User Sessions.
[[0;32m  OK  [0m] Started OpenBSD Secure Shell server.
[[0;32m  OK  [0m] Started Authenticate and Authorize Users to Run Privileged Tasks.
[[0;32m  OK  [0m] Started Accounts Service.
[[0;32m  OK  [0m] Started LSB: Set the CPU Frequency Scaling governor to "ondemand".
[[0;32m  OK  [0m] Started LSB: daemon to balance interrupts for SMP systems.
[[0;32m  OK  [0m] Started LSB: automatic crash report generation.
         Starting Terminate Plymouth Boot Screen...
         Starting Hold until boot process finishes up...
[[0;32m  OK  [0m] Started Terminate Plymouth Boot Screen.
[[0;32m  OK  [0m] Started LSB: VirtualBox Linux Additions.
[[0;32m  OK  [0m] Started Hold until boot process finishes up.
         Starting Set console scheme...
[[0;32m  OK  [0m] Started Getty on tty1.
[[0;32m  OK  [0m] Started Serial Getty on ttyS0.
[[0;32m  OK  [0m] Reached target Login Prompts.
[[0;32m  OK  [0m] Reached target Multi-User System.
[[0;32m  OK  [0m] Reached target Graphical Interface.
         Starting Update UTMP about System Runlevel Changes...
[[0;32m  OK  [0m] Started Set console scheme.
[[0;32m  OK  [0m] Started Update UTMP about System Runlevel Changes.
[   32.562319] cloud-init[1013]:   en_US.UTF-8... done
[   32.640645] cloud-init[1013]: Generation complete.
         Stopping OpenBSD Secure Shell server...
[[0;32m  OK  [0m] Stopped OpenBSD Secure Shell server.
         Starting OpenBSD Secure Shell server...
[[0;32m  OK  [0m] Started OpenBSD Secure Shell server.
[[0;32m  OK  [0m] Created slice User Slice of ubuntu.
         Starting User Manager for UID 1000...
[[0;32m  OK  [0m] Started Session 1 of user ubuntu.
[[0;32m  OK  [0m] Started User Manager for UID 1000.
[   33.154099] cloud-init[1013]: Cloud-init v. 0.7.9 running 'modules:config' at Sun, 12 Nov 2017 17:43:21 +0000. Up 30.15 seconds.
[[0;32m  OK  [0m] Started Apply the settings specified in cloud-config.
         Starting Execute cloud user/final scripts...
ci-info: no authorized ssh keys fingerprints found for user ubuntu.
<14>Nov 12 17:43:25 ec2: 
<14>Nov 12 17:43:25 ec2: #############################################################
<14>Nov 12 17:43:25 ec2: -----BEGIN SSH HOST KEY FINGERPRINTS-----
<14>Nov 12 17:43:25 ec2: 1024 SHA256:OdEhfp/NjfbV1h3POi1h4JRxteLhqKQECmu7JAgFpyo root@ubuntu-xenial (DSA)
<14>Nov 12 17:43:25 ec2: 256 SHA256:UWCVbRkjiGbKerPT9oC6IsyyrgdetnLpZgH3kCyl/UY root@ubuntu-xenial (ECDSA)
<14>Nov 12 17:43:25 ec2: 256 SHA256:eKHCsi6C3F+AK+TeIHcgri/G2Z5vswWymkCmX9fy1Qc root@ubuntu-xenial (ED25519)
<14>Nov 12 17:43:25 ec2: 2048 SHA256:QCrEdCYLOJ/ilsbyKj+9f8jDkFwirbL6tfpv+IWKwC8 root@ubuntu-xenial (RSA)
<14>Nov 12 17:43:25 ec2: -----END SSH HOST KEY FINGERPRINTS-----
<14>Nov 12 17:43:25 ec2: #############################################################
-----BEGIN SSH HOST KEY KEYS-----
ecdsa-sha2-nistp256 AAAAE2VjZHNhLXNoYTItbmlzdHAyNTYAAAAIbmlzdHAyNTYAAABBBCRN4SdgKixvIBXiAYt+VSqMmbMdeX8hYq4vZ9DABr7g8uf7rYSIola8ufPR7GoBX6M9IGa3Cehi9Emqc5LxUsM= root@ubuntu-xenial
ssh-ed25519 AAAAC3NzaC1lZDI1NTE5AAAAICVAduUz+Kz/6TB+BjaZ3uCJXHf0jrPiA/9cQXVfugXo root@ubuntu-xenial
ssh-rsa AAAAB3NzaC1yc2EAAAADAQABAAABAQCs+YjGRKeA87uUoa6xblfy844/vMsH7Hel78cCq/WATyjaCH+/s9q425B9R7OpCAs2kc+257PPoDM+dP4ecRMp3ePd1Mpzi/UHTEjg7Zom2YaHPtKX/m9YRJ3tMAdjEKCwrkL0QEHEgucqH9gRZ0WQBUHSkKHcY7EDPzKTlvdObBs1rFwTbpe8m0tqkMVWB7GwziMN1Y7kSrgV65wrfRR7fgEeI1n020HbH303xZABdqdVhZDXkFFrxkyZb/Mq7qP4XUNGJPTACJLlSlsDrLISvKXSr9EOsd2B55ULjRjkYeZ7eb2Oou+xv0oW/Vs6FtM7MkFn/U3DFNn23YIbPj/F root@ubuntu-xenial
-----END SSH HOST KEY KEYS-----
[   34.735061] cloud-init[1338]: Cloud-init v. 0.7.9 running 'modules:final' at Sun, 12 Nov 2017 17:43:24 +0000. Up 33.94 seconds.
[   34.783288] cloud-init[1338]: ci-info: no authorized ssh keys fingerprints found for user ubuntu.
[   34.802427] cloud-init[1338]: Cloud-init v. 0.7.9 finished at Sun, 12 Nov 2017 17:43:25 +0000. Datasource DataSourceNoCloud [seed=/dev/sdb][dsmode=net].  Up 34.72 seconds
[[0;32m  OK  [0m] Started Execute cloud user/final scripts.
[[0;32m  OK  [0m] Reached target Cloud-init target.

Ubuntu 16.04.3 LTS ubuntu-xenial ttyS0

ubuntu-xenial login: 